<html><head>
<meta http-equiv="Content-Type" content="text/html; charset=utf-8">
</head><body>
<span style="position:absolute; border: gray 1px solid; left:0px; top:50px; width:595px; height:841px;"></span>
<div style="position:absolute; top:50px;"><a name="1">Page 1</a></div>
<div style="position:absolute; border: textbox 1px solid; writing-mode:lr-tb; left:30px; top:161px; width:108px; height:76px;"><span style="font-family: VGOQEA+SegoeUI; font-size:76px">abc
<br></span></div><div style="position:absolute; top:0px;">Page: <a href="#1">1</a></div>
</body></html>
